// Jest Snapshot v1, https://goo.gl/fbAQLP

exports[`SortButton should render correctly 1`] = `
<div
  class="ascending tooltip"
  id="sort-direction"
>
  <img
    alt="Ascending order"
    src="/assets/up_arrow.svg"
  />
</div>
`;
